
  [1;31mWe've found a bug for you![0m
  [36m/.../fixtures/variant_tag_overlaps_with_field.res[0m:[2m2:15-33[0m

  1 [2m│[0m @tag("name")
  [1;31m2[0m [2m│[0m type animal = [1;31mCat({name: string})[0m
  3 [2m│[0m 
  4 [2m│[0m let cat = Cat({name: "my cat"})

  Constructor "Cat": the @tag name "name" conflicts with the runtime value of inline record field "name". Use a different @tag name or rename the field.