let make1 = "hello"->Null.make
let make2 = Null.make("hello")

let empty1 = Null.null

let getUnsafe1 = Null.make(1)->Null.getUnsafe
let getUnsafe2 = Null.getUnsafe(Null.make(1))

let getExn1 = Null.make(1)->Null.getOrThrow
let getExn2 = Null.getOrThrow(Null.make(1))

let map1 = Null.make(2)->Null.map(x => x + 1)
let map2 = Null.map(Null.make(2), x => x + 1)

let forEach1 = Null.make(2)->Null.forEach(x => ignore(x))
let forEach2 = Null.forEach(Null.make(2), x => ignore(x))

let fromOption1 = Some("x")->Null.fromOption
let fromOption2 = Null.fromOption(None)

let from_opt1 = Some("y")->Null.fromOption
let from_opt2 = Null.fromOption(None)

let toOption1 = Null.make(3)->Null.toOption
let toOption2 = Null.toOption(Null.make(3))

let to_opt1 = Null.make(4)->Null.toOption
let to_opt2 = Null.toOption(Null.make(4))

let test1 = Null.null === Null.null
let test2 = Null.null === Null.null
let test3 = Null.make(5)->Null.map(v => v)->Null.equal(Null, (a, b) => a === b)

// Type alias migration
let nullT: Null.t<int> = Null.make(1)

