let ba1 = [1, 2, 3, 4, 5]->Array.copyWithin(~target=2, ~start=0)
let ba2 = Array.copyWithin([1, 2, 3, 4, 5], ~target=2, ~start=0)

let b1 = [1, 2, 3, 4]->Array.copyWithin(~target=0, ~start=2)
let b2 = Array.copyWithin([1, 2, 3, 4], ~target=0, ~start=2)

let c1 = [1, 2, 3]->Array.fill(0)
let c2 = [1, 2, 3, 4]->Array.fill(9, ~start=1)

let d1 = [1, 2, 1, 2]->Array.indexOf(2, ~from=2)
let d2 = Array.indexOf([1, 2, 1, 2], 2, ~from=2)

let e1 = ["a", "b"]->Array.join("-")
let e2 = [1, 2]->Array.joinUnsafe(",")

let f1 = [1, 2, 3, 4]->Array.slice(~start=2)

let g1 = [1, 2]->Array.lastIndexOf(1, ~from=1)

let h1 = [1, 2]->Array.getUnsafe(1)

