/* Migration tests for Js.res type deprecations */

// Type alias migrations exercised via externals
external nullT: Null.t<int> = "nullT"
external nullableT: Nullable.t<string> = "nullableT"
external nullUndefT: Nullable.t<float> = "nullUndefT"

// Js.Types migrations
external symbolT: Symbol.t = "symbolT"
external objValT: Type.Classify.object = "objValT"
external functionValT: Type.Classify.function = "functionValT"

