/* Migration tests for interface (.resi) files using stdlib deprecations */

// Type alias migrations exercised via externals
external arr: array<int> = "arr"
external reT: RegExp.t = "re"
external json: JSON.t = "json"
external nestedArr: array<RegExp.t> = "nestedArr"

// Function type using a deprecated alias
external useSet: Set.t<int> => unit = "useSet"

