let p1 = Promise.resolve(1)
let _p2 = Promise.reject(Failure("err"))

let all1 = Promise.all([Promise.resolve(1), Promise.resolve(2)])
let all2 = Promise.all2((Promise.resolve(1), Promise.resolve(2)))
let all3 = Promise.all3((Promise.resolve(1), Promise.resolve(2), Promise.resolve(3)))

let all4 = Promise.all4((
  Promise.resolve(1),
  Promise.resolve(2),
  Promise.resolve(3),
  Promise.resolve(4),
))
let all5 = Promise.all5((
  Promise.resolve(1),
  Promise.resolve(2),
  Promise.resolve(3),
  Promise.resolve(4),
  Promise.resolve(5),
))
let all6 = Promise.all6((
  Promise.resolve(1),
  Promise.resolve(2),
  Promise.resolve(3),
  Promise.resolve(4),
  Promise.resolve(5),
  Promise.resolve(6),
))

let race1 = Promise.race([Promise.resolve(10), Promise.resolve(20)])

let thenPipe = Promise.resolve(1)->Promise.then(x => Promise.resolve(x + 1))
let thenDirect = Promise.then(Promise.resolve(1), x => Promise.resolve(x + 1))

// Type alias migration
external p2: promise<int> = "p2"

let catchPipe = Promise.resolve(1)->Promise.catch(_e => Promise.resolve(0))
let catchDirect = Promise.catch(Promise.resolve(1), _e => Promise.resolve(0))
let make1 = Promise.make((resolve, _) => resolve(1))

let _ = p2->Promise.then(x => Promise.resolve(x + 1))

