external someJson: JSON.t = "someJson"
external strToJson: string => JSON.t = "strToJson"

let decodeString1 = someJson->JSON.Decode.string
let decodeString2 = JSON.Decode.string(someJson)
let decodeString3 =
  [1, 2, 3]->Array.map(v => v->Int.toString)->Array.join(" ")->strToJson->JSON.Decode.string

let decodeNumber1 = someJson->JSON.Decode.float
let decodeNumber2 = JSON.Decode.float(someJson)

let decodeObject1 = someJson->JSON.Decode.object
let decodeObject2 = JSON.Decode.object(someJson)

let decodeArray1 = someJson->JSON.Decode.array
let decodeArray2 = JSON.Decode.array(someJson)

let decodeBoolean1 = someJson->JSON.Decode.bool
let decodeBoolean2 = JSON.Decode.bool(someJson)

let decodeNull1 = someJson->JSON.Decode.null
let decodeNull2 = JSON.Decode.null(someJson)

