// Migration tests for Js.String (old) -> String module

let make1 = 1->String.make
let make2 = String.make(1)

let fromCharCode1 = 65->String.fromCharCode
let fromCharCode2 = String.fromCharCode(65)

let fromCharCodeMany1 = [65, 66, 67]->String.fromCharCodeMany
let fromCharCodeMany2 = String.fromCharCodeMany([65, 66, 67])

let fromCodePoint1 = 65->String.fromCodePoint
let fromCodePoint2 = String.fromCodePoint(65)

let fromCodePointMany1 = [65, 66, 67]->String.fromCodePointMany
let fromCodePointMany2 = String.fromCodePointMany([65, 66, 67])

let length1 = "abcde"->String.length
let length2 = String.length("abcde")

let get1 = "abcde"->String.get(2)
let get2 = String.get("abcde", 2)

let normalize1 = "abcde"->String.normalize
let normalize2 = String.normalize("abcde")

let toLowerCase1 = "ABCDE"->String.toLowerCase
let toLowerCase2 = String.toLowerCase("ABCDE")

let toUpperCase1 = "abcde"->String.toUpperCase
let toUpperCase2 = String.toUpperCase("abcde")

let toLocaleLowerCase1 = "ABCDE"->String.toLocaleLowerCase
let toLocaleLowerCase2 = String.toLocaleLowerCase("ABCDE")

let toLocaleUpperCase1 = "abcde"->String.toLocaleUpperCase
let toLocaleUpperCase2 = String.toLocaleUpperCase("abcde")

let trim1 = "  abcde  "->String.trim
let trim2 = String.trim("  abcde  ")

// Type alias migration
let sT: string = "abc"

