let log = Console.log("Hello, World!")
let log2 = Console.log2("Hello", "World")
let log3 = Console.log3("Hello", "World", "!")
let log4 = Console.log4("Hello", "World", "!", "!")
let logMany = Console.logMany(["Hello", "World"])

let info = Console.info("Hello, World!")
let info2 = Console.info2("Hello", "World")
let info3 = Console.info3("Hello", "World", "!")
let info4 = Console.info4("Hello", "World", "!", "!")
let infoMany = Console.infoMany(["Hello", "World"])

let warn = Console.warn("Hello, World!")
let warn2 = Console.warn2("Hello", "World")
let warn3 = Console.warn3("Hello", "World", "!")
let warn4 = Console.warn4("Hello", "World", "!", "!")
let warnMany = Console.warnMany(["Hello", "World"])

let error = Console.error("Hello, World!")
let error2 = Console.error2("Hello", "World")
let error3 = Console.error3("Hello", "World", "!")
let error4 = Console.error4("Hello", "World", "!", "!")
let errorMany = Console.errorMany(["Hello", "World"])

let trace = Console.trace()
let timeStart = Console.time("Hello, World!")
let timeEnd = Console.timeEnd("Hello, World!")
let table = Console.table(["Hello", "World"])

