let d1 = Date.make()
let d2 = Date.fromString("1973-11-29T21:30:54.321Z")
let d3 = Date.fromTime(123456789.0)

let msNow = Date.now()

let v1 = d2->Date.getTime
let v2 = Date.getTime(d2)

let y = d2->Date.getFullYear
let mo = d2->Date.getMonth
let dayOfMonth = d2->Date.getDate
let dayOfWeek = d2->Date.getDay
let h = d2->Date.getHours
let mi = d2->Date.getMinutes
let s = d2->Date.getSeconds
let ms = d2->Date.getMilliseconds
let tz = d2->Date.getTimezoneOffset

let uy = d2->Date.getUTCFullYear
let um = d2->Date.getUTCMonth
let ud = d2->Date.getUTCDate
let uday = d2->Date.getUTCDay
let uh = d2->Date.getUTCHours
let umi = d2->Date.getUTCMinutes
let us = d2->Date.getUTCSeconds
let ums = d2->Date.getUTCMilliseconds

let s1 = d2->Date.toISOString
let s2 = d2->Date.toUTCString
let s3 = d2->Date.toString
let s4 = d2->Date.toTimeString
let s5 = d2->Date.toDateString
let s6 = d2->Date.toLocaleString
let s7 = d2->Date.toLocaleDateString
let s8 = d2->Date.toLocaleTimeString

/* Additional deprecated APIs to exercise migration */

/* getters and legacy variants */
let t = d2->Date.getTime
let y2 = d2->Date.getFullYear

/* constructors with components */
let mym = Date.makeWithYM(~year=Float.toInt(2020.0), ~month=Float.toInt(10.0))
let mymd = Date.makeWithYMD(
  ~year=Float.toInt(1973.0),
  ~month=Float.toInt(10.0),
  ~day=Float.toInt(29.0),
)
let mymdh = Date.makeWithYMDH(
  ~year=Float.toInt(1973.0),
  ~month=Float.toInt(10.0),
  ~day=Float.toInt(29.0),
  ~hours=Float.toInt(21.0),
)
let mymdhm = Date.makeWithYMDHM(
  ~year=Float.toInt(1973.0),
  ~month=Float.toInt(10.0),
  ~day=Float.toInt(29.0),
  ~hours=Float.toInt(21.0),
  ~minutes=Float.toInt(30.0),
)
let mymdhms = Date.makeWithYMDHMS(
  ~year=Float.toInt(1973.0),
  ~month=Float.toInt(10.0),
  ~day=Float.toInt(29.0),
  ~hours=Float.toInt(21.0),
  ~minutes=Float.toInt(30.0),
  ~seconds=Float.toInt(54.0),
)

/* Date.UTC variants */
let uym = Date.UTC.makeWithYM(~year=Float.toInt(2020.0), ~month=Float.toInt(10.0))
let uymd = Date.UTC.makeWithYMD(
  ~year=Float.toInt(1973.0),
  ~month=Float.toInt(10.0),
  ~day=Float.toInt(29.0),
)
let uymdh = Date.UTC.makeWithYMDH(
  ~year=Float.toInt(1973.0),
  ~month=Float.toInt(10.0),
  ~day=Float.toInt(29.0),
  ~hours=Float.toInt(21.0),
)
let uymdhm = Date.UTC.makeWithYMDHM(
  ~year=Float.toInt(1973.0),
  ~month=Float.toInt(10.0),
  ~day=Float.toInt(29.0),
  ~hours=Float.toInt(21.0),
  ~minutes=Float.toInt(30.0),
)
let uymdhms = Date.UTC.makeWithYMDHMS(
  ~year=Float.toInt(1973.0),
  ~month=Float.toInt(10.0),
  ~day=Float.toInt(29.0),
  ~hours=Float.toInt(21.0),
  ~minutes=Float.toInt(30.0),
  ~seconds=Float.toInt(54.0),
)

/* parse APIs */
let p = Date.fromString("1973-11-29T21:30:54.321Z")
let pf = Date.getTime(Date.fromString("1973-11-29T21:30:54.321Z"))

/* setters (local time) */
let setD = d2->Date.setDate(Float.toInt(15.0))
let setFY = d2->Date.setFullYear(Float.toInt(1974.0))

let setFYM = d2->Date.setFullYearM(~year=Float.toInt(1974.0), ~month=Float.toInt(0.0))
let setFYMD =
  d2->Date.setFullYearMD(~year=Float.toInt(1974.0), ~month=Float.toInt(0.0), ~day=Float.toInt(7.0))
let setH = d2->Date.setHours(Float.toInt(22.0))
let setHM = d2->Date.setHoursM(~hours=Float.toInt(22.0), ~minutes=Float.toInt(46.0))
let setHMS =
  d2->Date.setHoursMS(
    ~hours=Float.toInt(22.0),
    ~minutes=Float.toInt(46.0),
    ~seconds=Float.toInt(37.0),
  )
let setHMSMs =
  d2->Date.setHoursMSMs(
    ~hours=Float.toInt(22.0),
    ~minutes=Float.toInt(46.0),
    ~seconds=Float.toInt(37.0),
    ~milliseconds=Float.toInt(494.0),
  )
let setMs = d2->Date.setMilliseconds(Float.toInt(494.0))
let setMin = d2->Date.setMinutes(Float.toInt(34.0))
let setMinS = d2->Date.setMinutesS(~minutes=Float.toInt(34.0), ~seconds=Float.toInt(56.0))
let setMinSMs =
  d2->Date.setMinutesSMs(
    ~minutes=Float.toInt(34.0),
    ~seconds=Float.toInt(56.0),
    ~milliseconds=Float.toInt(789.0),
  )
let setMon = d2->Date.setMonth(Float.toInt(11.0))
let setMonD = d2->Js.Date.setMonthD(~month=11.0, ~date=8.0, ())
let setSec = d2->Date.setSeconds(Float.toInt(56.0))
let setSecMs = d2->Date.setSecondsMs(~seconds=Float.toInt(56.0), ~milliseconds=Float.toInt(789.0))

/* setters (UTC) */
let setUD = d2->Date.setUTCDate(Float.toInt(15.0))
let setUFY = d2->Date.setUTCFullYear(Float.toInt(1974.0))
let setUFYM = d2->Date.setUTCFullYearM(~year=Float.toInt(1974.0), ~month=Float.toInt(0.0))
let setUFYMD =
  d2->Date.setUTCFullYearMD(
    ~year=Float.toInt(1974.0),
    ~month=Float.toInt(0.0),
    ~day=Float.toInt(7.0),
  )
let setUH = d2->Date.setUTCHours(Float.toInt(22.0))
let setUHM = d2->Date.setUTCHoursM(~hours=Float.toInt(22.0), ~minutes=Float.toInt(46.0))
let setUHMS =
  d2->Date.setUTCHoursMS(
    ~hours=Float.toInt(22.0),
    ~minutes=Float.toInt(46.0),
    ~seconds=Float.toInt(37.0),
  )
let setUHMSMs =
  d2->Date.setUTCHoursMSMs(
    ~hours=Float.toInt(22.0),
    ~minutes=Float.toInt(46.0),
    ~seconds=Float.toInt(37.0),
    ~milliseconds=Float.toInt(494.0),
  )
let setUMs = d2->Date.setUTCMilliseconds(Float.toInt(494.0))
let setUMin = d2->Date.setUTCMinutes(Float.toInt(34.0))
let setUMinS = d2->Date.setUTCMinutesS(~minutes=Float.toInt(34.0), ~seconds=Float.toInt(56.0))
let setUMinSMs =
  d2->Date.setUTCMinutesSMs(
    ~minutes=Float.toInt(34.0),
    ~seconds=Float.toInt(56.0),
    ~milliseconds=Float.toInt(789.0),
  )
let setUMon = d2->Date.setUTCMonth(Float.toInt(11.0))
let setUMonD = d2->Js.Date.setUTCMonthD(~month=11.0, ~date=8.0, ())
let setUSec = d2->Date.setUTCSeconds(Float.toInt(56.0))
let setUSecMs =
  d2->Date.setUTCSecondsMs(~seconds=Float.toInt(56.0), ~milliseconds=Float.toInt(789.0))
let setUT = d2->Js.Date.setUTCTime(198765432101.0)
let setYr = d2->Js.Date.setYear(1999.0)

/* other string conversions */
let s9 = d2->Date.toUTCString
let j1 = d2->Date.toJSON
let j2 = d2->Date.toJSON

// Type alias migration
external someDate: Date.t = "someDate"

