// Migration tests for Js.Array (old) -> Array module

external someArrayLike: Array.arrayLike<string> = "whatever"

let from1 = someArrayLike->Array.fromArrayLike
let from2 = Array.fromArrayLike(someArrayLike)

let fromMap1 = someArrayLike->Array.fromArrayLikeWithMap(s => s ++ "!")
let fromMap2 = Array.fromArrayLikeWithMap(someArrayLike, s => s ++ "!")

let isArray1 = [1, 2, 3]->Array.isArray
let isArray2 = Array.isArray([1, 2, 3])

let length1 = [1, 2, 3]->Array.length
let length2 = Array.length([1, 2, 3])

let pop1 = [1, 2, 3]->Array.pop
let pop2 = Array.pop([1, 2, 3])

let reverseInPlace1 = [1, 2, 3]->Array.reverse
let reverseInPlace2 = Array.reverse([1, 2, 3])

let shift1 = [1, 2, 3]->Array.shift
let shift2 = Array.shift([1, 2, 3])

let toString1 = [1, 2, 3]->Array.toString
let toString2 = Array.toString([1, 2, 3])

let toLocaleString1 = [1, 2, 3]->Array.toLocaleString
let toLocaleString2 = Array.toLocaleString([1, 2, 3])

// Type alias migration
let arrT: array<int> = [1, 2, 3]

